// Jest Snapshot v1, https://goo.gl/fbAQLP

exports[`Testing SearchUser Component Expect to render correctly  1`] = `
<DocumentFragment>
  .c2 {
  display: inline-block;
  vertical-align: middle;
}

.c6 {
  display: inline-block;
  vertical-align: middle;
  width: 20px;
  height: 20px;
}

.c3 {
  display: inline-block;
  width: 80%;
  position: relative;
  vertical-align: top;
}

.c4 {
  width: 100%;
  padding: 20px 40px;
  background: #ffffff;
  border-radius: 10px;
  border: 0;
  font-size: 20px;
  color: #5e5e6a;
  font-family: 'PT Sans Narrow',sans-serif;
}

.c4::-webkit-input-placeholder {
  color: #5e5e6a61;
  opacity: 1;
  font-weight: bold;
}

.c4::-moz-placeholder {
  color: #5e5e6a61;
  opacity: 1;
  font-weight: bold;
}

.c4:-ms-input-placeholder {
  color: #5e5e6a61;
  opacity: 1;
  font-weight: bold;
}

.c4::placeholder {
  color: #5e5e6a61;
  opacity: 1;
  font-weight: bold;
}

.c4:focus {
  border: 0;
}

.c0 {
  height: 100%;
  background: url(test-file-stub);
  background-repeat: no-repeat;
  background-size: cover;
  text-align: center;
}

.c0 .icon-github {
  fill: #fff;
  margin-bottom: 50px;
}

.c1 {
  margin-bottom: 20px;
  width: 40%;
  margin: 0 auto;
  position: relative;
  top: 50%;
  -webkit-transform: translateY(-50%);
  -ms-transform: translateY(-50%);
  transform: translateY(-50%);
}

.c5 {
  margin-left: 20px;
  padding: 20px 40px;
  border-radius: 10px;
  border: 0;
  background-color: #6557a2;
  cursor: pointer;
}

.c5:hover {
  background: #e5af8b;
}

.c5 svg {
  fill: #fff;
}

<div
    class="c0"
  >
    <form
      class="c1"
    >
      <svg
        class="c2 icon icon-github"
      >
        <use
          xlink:href="test-file-stub#github"
        />
      </svg>
      <div
        class="c3"
        width="80"
      >
        <input
          class="c4"
          placeholder="What is your GitHub user?"
        />
      </div>
      <button
        class="c5"
        title="Search User"
      >
        <svg
          class="c6 icon icon-search"
        >
          <use
            xlink:href="test-file-stub#search"
          />
        </svg>
      </button>
    </form>
  </div>
</DocumentFragment>
`;
